// Jest Snapshot v1, https://goo.gl/fbAQLP

exports[`ShuttleControls tests should allow customized rendering via child render function 1`] = `
<div>
  <div
    class="shuttle__controls"
  >
    <button
      aria-label="Move All Items to Target"
      title="Move All Items to Target"
    >
      Move All to Target
    </button>
    <button
      aria-label="Move All Items to Source"
      title="Move All Items to Source"
    >
      Move All to Source
    </button>
  </div>
</div>
`;
