// Jest Snapshot v1, https://goo.gl/fbAQLP

exports[`Shuttle tests Shuttle smoke test and other basic operations should select items 1`] = `
<div>
  <div
    class="shuttle shuttle--ush"
    role="presentation"
  >
    <div
      class="shuttle__container"
      data-name="source"
      data-testid="source_container"
      role="listbox"
      tabindex="0"
    >
      <div
        class="shuttle__item shuttle__item--selected"
        data-index="0"
        data-value="0"
        role="option"
        tabindex="-1"
      >
        0
      </div>
      <div
        class="shuttle__item"
        data-index="1"
        data-value="1"
        role="option"
        tabindex="-1"
      >
        1
      </div>
      <div
        class="shuttle__item"
        data-index="2"
        data-value="2"
        role="option"
        tabindex="-1"
      >
        2
      </div>
      <div
        class="shuttle__item"
        data-index="3"
        data-value="3"
        role="option"
        tabindex="-1"
      >
        3
      </div>
      <div
        class="shuttle__item"
        data-index="4"
        data-value="4"
        role="option"
        tabindex="-1"
      >
        4
      </div>
    </div>
    <div
      class="shuttle__controls"
      data-testid="controls"
    >
      <button
        aria-label="Move All Items to Target"
        title="Move All Items to Target"
      >
        »
      </button>
      <button
        aria-label="Move Selected Items to Target (1 items selected in source container)"
        title="Move Selected Items to Target"
      >
        ›
      </button>
      <button
        aria-label="Move Selected Items to Target (0 items selected in target container)"
        title="Move Selected Items to Source"
      >
        ‹
      </button>
      <button
        aria-label="Move All Items to Source"
        title="Move All Items to Source"
      >
        «
      </button>
    </div>
    <div
      class="shuttle__container"
      data-name="target"
      data-testid="target_container"
      role="listbox"
      tabindex="0"
    >
      <div
        class="shuttle__item"
        data-index="0"
        data-value="0"
        role="option"
        tabindex="-1"
      >
        0
      </div>
      <div
        class="shuttle__item"
        data-index="1"
        data-value="1"
        role="option"
        tabindex="-1"
      >
        1
      </div>
      <div
        class="shuttle__item"
        data-index="2"
        data-value="2"
        role="option"
        tabindex="-1"
      >
        2
      </div>
      <div
        class="shuttle__item"
        data-index="3"
        data-value="3"
        role="option"
        tabindex="-1"
      >
        3
      </div>
      <div
        class="shuttle__item"
        data-index="4"
        data-value="4"
        role="option"
        tabindex="-1"
      >
        4
      </div>
    </div>
  </div>
</div>
`;
