// Jest Snapshot v1, https://goo.gl/fbAQLP

exports[`Shuttle tests should select items 1`] = `
<div>
  <div
    class="shuttle shuttle--ush"
    role="presentation"
  >
    <div
      class="shuttle__container"
      data-name="source"
      role="listbox"
      tabindex="0"
    />
    <div
      class="shuttle__controls"
      data-testid="controls"
    >
      <button>
        »
      </button>
      <button>
        ›
      </button>
      <button>
        ‹
      </button>
      <button>
        «
      </button>
    </div>
    <div
      class="shuttle__container"
      data-name="target"
      role="listbox"
      tabindex="0"
    >
      <div
        class="shuttle__item"
        data-index="0"
        data-value="357"
        role="listitem"
        tabindex="0"
      >
        357
      </div>
      <div
        class="shuttle__item"
        data-index="1"
        data-value="246"
        role="listitem"
        tabindex="0"
      >
        246
      </div>
      <div
        class="shuttle__item"
        data-index="2"
        data-value="625"
        role="listitem"
        tabindex="0"
      >
        625
      </div>
      <div
        class="shuttle__item"
        data-index="3"
        data-value="799"
        role="listitem"
        tabindex="0"
      >
        799
      </div>
      <div
        class="shuttle__item"
        data-index="4"
        data-value="461"
        role="listitem"
        tabindex="0"
      >
        461
      </div>
      <div
        class="shuttle__item"
        data-index="5"
        data-value="37"
        role="listitem"
        tabindex="0"
      >
        37
      </div>
      <div
        class="shuttle__item"
        data-index="6"
        data-value="280"
        role="listitem"
        tabindex="0"
      >
        280
      </div>
      <div
        class="shuttle__item"
        data-index="7"
        data-value="465"
        role="listitem"
        tabindex="0"
      >
        465
      </div>
      <div
        class="shuttle__item"
        data-index="8"
        data-value="836"
        role="listitem"
        tabindex="0"
      >
        836
      </div>
      <div
        class="shuttle__item"
        data-index="9"
        data-value="20"
        role="listitem"
        tabindex="0"
      >
        20
      </div>
    </div>
  </div>
</div>
`;
